========== test session starts ==========
platform win32 -- Python 3.11.0, pytest-9.0.2, pluggy-1.6.0 -- C:\Users\Asus\Desktop\UIT\Sem8\DAM\Project\dam\Scripts\python.exe
cachedir: .pytest_cache
rootdir: C:\Users\Asus\Desktop\UIT\Sem8\DAM\Project\backend
plugins: anyio-4.12.1, asyncio-1.3.0
asyncio: mode=Mode.STRICT, debug=False, asyncio_default_fixture_loop_scope=None, asyncio_default_test_loop_scope=function
collecting ... collected 7 items

tests/test_analytics_unittest.py::TestInventoryAnalytics::test_action_recommendations FAILED [ 14%]
tests/test_analytics_unittest.py::TestInventoryAnalytics::test_dead_stock_detection FAILED [ 28%]
tests/test_analytics_unittest.py::TestInventoryAnalytics::test_eoq_calculation FAILED [ 42%]
tests/test_analytics_unittest.py::TestInventoryAnalytics::test_expiry_risk_detection FAILED [ 57%]
tests/test_analytics_unittest.py::TestInventoryAnalytics::test_inventory_turnover FAILED [ 71%]
tests/test_analytics_unittest.py::TestInventoryAnalytics::test_rop_calculation FAILED [ 85%]
tests/test_analytics_unittest.py::TestInventoryAnalytics::test_slow_moving_stock FAILED [100%]

=============== FAILURES ================
_ TestInventoryAnalytics.test_action_recommendations _

self = <test_analytics_unittest.TestInventoryAnalytics testMethod=test_action_recommendations>

    def test_action_recommendations(self):
        # Setup 3 products: Expired, Dead, Slow
    
        # 1. Expired
        p1 = Product(sku="PROD-007", name="Expired Milk", unit_price=10)
        self.db.add(p1)
    
        # 2. Dead
        p2 = Product(sku="PROD-008", name="Dead Tech", unit_price=100)
        self.db.add(p2)
    
        # 3. Slow
        p3 = Product(sku="PROD-009", name="Slow Book", unit_price=15)
        self.db.add(p3)
        self.db.commit()
    
        # Expired Receipt (received 20 days ago, shelf life 10 => expired 10 days ago)
        r1 = Receipt(receipt_number="REC-002", received_at=datetime.now() - timedelta(days=20))
        self.db.add(r1)
        self.db.commit()
        ri1 = ReceiptItem(receipt_id=r1.id, product_id=p1.id, received_qty=10)
        self.db.add(ri1)
        inv1 = Inventory(product_id=p1.id, shelf_id=1, warehouse_id=1, quantity=10)
        self.db.add(inv1)
    
        # Dead Stock (last updated 100 days ago)
        inv2 = Inventory(product_id=p2.id, shelf_id=1, warehouse_id=1, quantity=5, created_at=datetime.now() - timedelta(days=100))
        self.db.add(inv2)
    
        # Slow Stock (sold 1 unit in 60 days)
        inv3 = Inventory(product_id=p3.id, shelf_id=1, warehouse_id=1, quantity=50)
        self.db.add(inv3)
        order = SalesOrder(order_number="SO-5", customer_id=1, warehouse_id=1, status="DELIVERED", order_date=datetime.now() - timedelta(days=10), created_at=datetime.now() - timedelta(days=10))
        self.db.add(order)
        self.db.commit()
        si3 = SalesOrderItem(sales_order_id=order.id, product_id=p3.id, ordered_qty=1, picked_qty=1)
        self.db.add(si3)
        self.db.commit()
    
>       recs = AnalyticsService.get_action_recommendations(self.db)
               ^^^^^^^^^^^^^^^^^^^^^^^^^^^^^^^^^^^^^^^^^^^
E       AttributeError: type object 'AnalyticsService' has no attribute 'get_action_recommendations'

tests\test_analytics_unittest.py:205: AttributeError
_ TestInventoryAnalytics.test_dead_stock_detection _

self = <test_analytics_unittest.TestInventoryAnalytics testMethod=test_dead_stock_detection>

    def test_dead_stock_detection(self):
        # Setup
        prod = Product(sku="PROD-003", name="Old Product", unit_price=10.0)
        self.db.add(prod)
        self.db.commit()
    
        # Inventory updated 100 days ago
        inv = Inventory(
            product_id=prod.id,
            shelf_id=1,
            warehouse_id=1,
            quantity=10,
            created_at=datetime.now() - timedelta(days=100)
        )
        self.db.add(inv)
        self.db.commit()
    
        dead_stock = AnalyticsService.detect_dead_stock(self.db, threshold_days=90)
    
>       self.assertEqual(len(dead_stock), 1)
                         ^^^^^^^^^^^^^^^
E       TypeError: object of type 'coroutine' has no len()

tests\test_analytics_unittest.py:86: TypeError
_ TestInventoryAnalytics.test_eoq_calculation _

self = <test_analytics_unittest.TestInventoryAnalytics testMethod=test_eoq_calculation>

    def test_eoq_calculation(self):
        # Setup
        prod = Product(sku="PROD-002", name="EOQ Product", unit_price=100.0) # Cost $100
        self.db.add(prod)
        self.db.commit()
    
        # 365 daily demand. Avg daily = 10. Annual = 3650.
        order = SalesOrder(order_number="SO-2", customer_id=1, warehouse_id=1, status="DELIVERED", order_date=datetime.now())
        self.db.add(order)
        self.db.commit()
    
        # Fake sales history to get 10 units/day over 30 days = 300 units
        item = SalesOrderItem(sales_order_id=order.id, product_id=prod.id, ordered_qty=300, picked_qty=300)
        self.db.add(item)
        self.db.commit()
    
        # EOQ = sqrt(2 * 3650 * 50 / 20) = 135
>       result = AnalyticsService.calculate_eoq(self.db, prod.id, ordering_cost=50, holding_cost_pct=0.2)
                 ^^^^^^^^^^^^^^^^^^^^^^^^^^^^^^
E       AttributeError: type object 'AnalyticsService' has no attribute 'calculate_eoq'

tests\test_analytics_unittest.py:63: AttributeError
_ TestInventoryAnalytics.test_expiry_risk_detection _

self = <test_analytics_unittest.TestInventoryAnalytics testMethod=test_expiry_risk_detection>

    def test_expiry_risk_detection(self):
        # Setup
        prod = Product(sku="PROD-004", name="Milk", unit_price=5.0)
        self.db.add(prod)
        self.db.commit()
    
        # Receipt 8 days ago. Expiry in 2 days.
        receipt = Receipt(receipt_number="REC-001", received_at=datetime.now() - timedelta(days=8))
        self.db.add(receipt)
        self.db.commit()
    
        receipt_item = ReceiptItem(receipt_id=receipt.id, product_id=prod.id, received_qty=50)
        self.db.add(receipt_item)
    
        # Current Inventory matches receipt
        inv = Inventory(product_id=prod.id, shelf_id=1, warehouse_id=1, quantity=50)
        self.db.add(inv)
        self.db.commit()
    
        # Check risk with threshold 5 days (expiry in 2 days < 5 days -> Risk)
        risky = AnalyticsService.detect_expiry_risk(self.db, threshold_days=5)
    
>       self.assertEqual(len(risky), 1)
                         ^^^^^^^^^^
E       TypeError: object of type 'coroutine' has no len()

tests\test_analytics_unittest.py:114: TypeError
_ TestInventoryAnalytics.test_inventory_turnover _

self = <test_analytics_unittest.TestInventoryAnalytics testMethod=test_inventory_turnover>

    def test_inventory_turnover(self):
        # Setup
        prod = Product(sku="PROD-005", name="Fast Mover", unit_price=20.0)
        self.db.add(prod)
        self.db.commit()
    
        # Sales: Sold 100 units in last 30 days
        order = SalesOrder(order_number="SO-3", customer_id=1, warehouse_id=1, status="DELIVERED", order_date=datetime.now() - timedelta(days=15), created_at=datetime.now() - timedelta(days=15))
        self.db.add(order)
        self.db.commit()
        item = SalesOrderItem(sales_order_id=order.id, product_id=prod.id, ordered_qty=100, picked_qty=100)
        self.db.add(item)
    
        # Current Inventory: 10 units
        inv = Inventory(product_id=prod.id, shelf_id=1, warehouse_id=1, quantity=10)
        self.db.add(inv)
        self.db.commit()
    
        # COGS = 100 * 20 = 2000. Avg Inv = 10 * 20 = 200. Turnover = 10.
        result = AnalyticsService.calculate_inventory_turnover(self.db, period_days=30)
    
>       self.assertEqual(result["cogs"], 2000.0)
                         ^^^^^^^^^^^^^^
E       TypeError: 'coroutine' object is not subscriptable

tests\test_analytics_unittest.py:138: TypeError
_ TestInventoryAnalytics.test_rop_calculation _

self = <test_analytics_unittest.TestInventoryAnalytics testMethod=test_rop_calculation>

    def test_rop_calculation(self):
        # Setup
        prod = Product(sku="PROD-001", name="Test Product", unit_price=10.0)
        self.db.add(prod)
        self.db.commit()
    
        # 30 days of sales, 1 unit per day = 30 units total. Avg daily = 1.
        order = SalesOrder(order_number="SO-1", customer_id=1, warehouse_id=1, status="DELIVERED", order_date=datetime.now() - timedelta(days=5))
        self.db.add(order)
        self.db.commit()
    
        item = SalesOrderItem(sales_order_id=order.id, product_id=prod.id, ordered_qty=30, picked_qty=30)
        self.db.add(item)
    
        # Safety stock policy = 5
        policy = ReorderPolicy(product_id=prod.id, safety_stock=5)
        self.db.add(policy)
        self.db.commit()
    
        # ROP = (1 * 7) + 5 = 12
>       result = AnalyticsService.calculate_rop(self.db, prod.id, lead_time_days=7)
                 ^^^^^^^^^^^^^^^^^^^^^^^^^^^^^^
E       AttributeError: type object 'AnalyticsService' has no attribute 'calculate_rop'

tests\test_analytics_unittest.py:41: AttributeError
_ TestInventoryAnalytics.test_slow_moving_stock _

self = <test_analytics_unittest.TestInventoryAnalytics testMethod=test_slow_moving_stock>

    def test_slow_moving_stock(self):
        # Setup
        prod = Product(sku="PROD-006", name="Slow Mover", unit_price=20.0)
        self.db.add(prod)
        self.db.commit()
    
        # Sales: Sold only 2 units in last 90 days
        order = SalesOrder(order_number="SO-4", customer_id=1, warehouse_id=1, status="DELIVERED", order_date=datetime.now() - timedelta(days=50), created_at=datetime.now() - timedelta(days=50))
        self.db.add(order)
        self.db.commit()
        item = SalesOrderItem(sales_order_id=order.id, product_id=prod.id, ordered_qty=2, picked_qty=2)
        self.db.add(item)
    
        # Inventory exists
        inv = Inventory(product_id=prod.id, shelf_id=1, warehouse_id=1, quantity=100)
        self.db.add(inv)
        self.db.commit()
    
        # Detect with max_sales=5
>       slow = AnalyticsService.detect_slow_moving_stock(self.db, period_days=90, max_sales_qty=5)
               ^^^^^^^^^^^^^^^^^^^^^^^^^^^^^^^^^^^^^^^^^
E       AttributeError: type object 'AnalyticsService' has no attribute 'detect_slow_moving_stock'

tests\test_analytics_unittest.py:160: AttributeError
=========== warnings summary ============
tests/test_analytics_unittest.py::TestInventoryAnalytics::test_expiry_risk_detection
  C:\Users\Asus\Desktop\UIT\Sem8\DAM\Project\dam\Lib\site-packages\sqlalchemy\sql\crud.py:565: RuntimeWarning: coroutine 'AnalyticsService.detect_dead_stock' was never awaited
    _column_as_key = functools.partial(
  Enable tracemalloc to get traceback where the object was allocated.
  See https://docs.pytest.org/en/stable/how-to/capture-warnings.html#resource-warnings for more info.

tests/test_analytics_unittest.py::TestInventoryAnalytics::test_rop_calculation
  C:\Users\Asus\Desktop\UIT\Sem8\DAM\Project\dam\Lib\site-packages\sqlalchemy\sql\crud.py:177: RuntimeWarning: coroutine 'AnalyticsService.detect_expiry_risk' was never awaited
    ) = _key_getters_for_crud_column(compiler, stmt, compile_state)
  Enable tracemalloc to get traceback where the object was allocated.
  See https://docs.pytest.org/en/stable/how-to/capture-warnings.html#resource-warnings for more info.

tests/test_analytics_unittest.py::TestInventoryAnalytics::test_rop_calculation
  C:\Users\Asus\Desktop\UIT\Sem8\DAM\Project\dam\Lib\site-packages\sqlalchemy\sql\crud.py:177: RuntimeWarning: coroutine 'AnalyticsService.calculate_inventory_turnover' was never awaited
    ) = _key_getters_for_crud_column(compiler, stmt, compile_state)
  Enable tracemalloc to get traceback where the object was allocated.
  See https://docs.pytest.org/en/stable/how-to/capture-warnings.html#resource-warnings for more info.

-- Docs: https://docs.pytest.org/en/stable/how-to/capture-warnings.html
======== short test summary info ========
FAILED tests/test_analytics_unittest.py::TestInventoryAnalytics::test_action_recommendations
FAILED tests/test_analytics_unittest.py::TestInventoryAnalytics::test_dead_stock_detection
FAILED tests/test_analytics_unittest.py::TestInventoryAnalytics::test_eoq_calculation
FAILED tests/test_analytics_unittest.py::TestInventoryAnalytics::test_expiry_risk_detection
FAILED tests/test_analytics_unittest.py::TestInventoryAnalytics::test_inventory_turnover
FAILED tests/test_analytics_unittest.py::TestInventoryAnalytics::test_rop_calculation
FAILED tests/test_analytics_unittest.py::TestInventoryAnalytics::test_slow_moving_stock
===== 7 failed, 3 warnings in 0.32s =====
