Ensuring Table schema updates (adding cost column)...
Ensuring PostgreSQL Enums are up to date...
Ensuring Warehouse, Shelf, and Customer...
Seeding 56 products...
  Created MOCK-HEALTHY-1-5912 (HEALTHY)
  Created MOCK-HEALTHY-2-3281 (HEALTHY)
  Created MOCK-HEALTHY-3-6321 (HEALTHY)
  Created MOCK-HEALTHY-4-7876 (HEALTHY)
  Created MOCK-HEALTHY-5-2610 (HEALTHY)
  Created MOCK-HEALTHY-6-9070 (HEALTHY)
  Created MOCK-HEALTHY-7-6306 (HEALTHY)
  Created MOCK-HEALTHY-8-6220 (HEALTHY)
  Created MOCK-HEALTHY-9-2881 (HEALTHY)
  Created MOCK-HEALTHY-10-1923 (HEALTHY)
  Created MOCK-HEALTHY-11-8723 (HEALTHY)
  Created MOCK-HEALTHY-12-8726 (HEALTHY)
  Created MOCK-SLOW-13-5922 (SLOW)
  Created MOCK-SLOW-14-5467 (SLOW)
  Created MOCK-SLOW-15-4218 (SLOW)
  Created MOCK-SLOW-16-2019 (SLOW)
  Created MOCK-SLOW-17-7123 (SLOW)
  Created MOCK-SLOW-18-3484 (SLOW)
  Created MOCK-SLOW-19-4671 (SLOW)
  Created MOCK-SLOW-20-6752 (SLOW)
  Created MOCK-SLOW-21-1333 (SLOW)
  Created MOCK-SLOW-22-1927 (SLOW)
  Created MOCK-SLOW-23-4424 (SLOW)
  Created MOCK-SLOW-24-5769 (SLOW)
  Created MOCK-DORMANT-DISC-25-3773 (DORMANT_DISCOUNT)
  Created MOCK-DORMANT-DISC-26-5171 (DORMANT_DISCOUNT)
  Created MOCK-DORMANT-DISC-27-6792 (DORMANT_DISCOUNT)
  Created MOCK-DORMANT-DISC-28-9149 (DORMANT_DISCOUNT)
  Created MOCK-DORMANT-DISC-29-3518 (DORMANT_DISCOUNT)
  Created MOCK-DORMANT-DISC-30-8901 (DORMANT_DISCOUNT)
  Created MOCK-DORMANT-DISC-31-1824 (DORMANT_DISCOUNT)
  Created MOCK-DORMANT-DISC-32-8489 (DORMANT_DISCOUNT)
  Created MOCK-DORMANT-DISC-33-4165 (DORMANT_DISCOUNT)
  Created MOCK-DORMANT-DISC-34-8239 (DORMANT_DISCOUNT)
  Created MOCK-DORMANT-HEAVY-35-1903 (DORMANT_HEAVY)
  Created MOCK-DORMANT-HEAVY-36-6764 (DORMANT_HEAVY)
  Created MOCK-DORMANT-HEAVY-37-9165 (DORMANT_HEAVY)
  Created MOCK-DORMANT-HEAVY-38-3890 (DORMANT_HEAVY)
  Created MOCK-DORMANT-HEAVY-39-9098 (DORMANT_HEAVY)
  Created MOCK-DORMANT-HEAVY-40-3555 (DORMANT_HEAVY)
  Created MOCK-DORMANT-HEAVY-41-4528 (DORMANT_HEAVY)
  Created MOCK-DORMANT-HEAVY-42-1971 (DORMANT_HEAVY)
  Created MOCK-DORMANT-HEAVY-43-5360 (DORMANT_HEAVY)
  Created MOCK-DORMANT-HEAVY-44-2397 (DORMANT_HEAVY)
  Created MOCK-DEAD-45-4638 (DEAD)
  Created MOCK-DEAD-46-4265 (DEAD)
  Created MOCK-DEAD-47-7089 (DEAD)
  Created MOCK-DEAD-48-8334 (DEAD)
  Created MOCK-DEAD-49-3361 (DEAD)
  Created MOCK-DEAD-50-4011 (DEAD)
  Created MOCK-DEAD-51-1419 (DEAD)
  Created MOCK-DEAD-52-9186 (DEAD)
  Created MOCK-DEAD-53-6273 (DEAD)
  Created MOCK-DEAD-54-6775 (DEAD)
  Created MOCK-VOLATILE-55-5319 (VOLATILE)
  Created MOCK-VOLATILE-56-5361 (VOLATILE)
Data mock complete. Computing Inventory Health...
Health Classification mapped to backend successfully.
